// Jest Snapshot v1, https://goo.gl/fbAQLP

exports[`<NavBar /> should match the snapshot 1`] = `
<nav
  className="NavBar"
>
  <Hamburger />
  <SearchBar />
  <Favorites />
</nav>
`;
