// Jest Snapshot v1, https://goo.gl/fbAQLP

exports[`SearchSuggestion should match the snapshot with all the data passed in 1`] = `undefined`;
