// Jest Snapshot v1, https://goo.gl/fbAQLP

exports[`Sub_Info should match snapshop 1`] = `
<article
  className="Sub-Info"
>
  <div
    className="img-holder"
    dangerouslySetInnerHTML={
      Object {
        "__html": "<iframe src=\\"https://www.google.com/maps/embed?pb=!1m18!1m12!1m3!1d2966.259884708719!2d-87.67001098514663!3d41.97322967921473!2m3!1f0!2f0!3f0!3m2!1i1024!2i768!4f13.1!3m3!1m2!1s0x880fd35871b3d69d%3A0x5fc40651905618a!2sMeeting+House+Tavern!5e0!3m2!1sen!2sus!4v1554176037774!5m2!1sen!2sus\\" width=\\"400\\" height=\\"300\\" frameborder=\\"0\\" style=\\"border:0\\" allowfullscreen></iframe>",
      }
    }
  />
</article>
`;
